kotlin version: 2.0.20
error message: java.lang.NoClassDefFoundError: org/jetbrains/kotlin/types/error/LazyWrappedTypeComputationException
	at java.base/java.lang.ClassLoader.defineClass1(Native Method)
	at java.base/java.lang.ClassLoader.defineClass(Unknown Source)
	at java.base/java.security.SecureClassLoader.defineClass(Unknown Source)
	at java.base/jdk.internal.loader.BuiltinClassLoader.defineClass(Unknown Source)
	at java.base/jdk.internal.loader.BuiltinClassLoader.findClassOnClassPathOrNull(Unknown Source)
	at java.base/jdk.internal.loader.BuiltinClassLoader.loadClassOrNull(Unknown Source)
	at java.base/jdk.internal.loader.BuiltinClassLoader.loadClass(Unknown Source)
	at java.base/jdk.internal.loader.ClassLoaders$AppClassLoader.loadClass(Unknown Source)
	at java.base/java.lang.ClassLoader.loadClass(Unknown Source)
	at java.base/java.lang.Class.getDeclaredConstructors0(Native Method)
	at java.base/java.lang.Class.privateGetDeclaredConstructors(Unknown Source)
	at java.base/java.lang.Class.getConstructors(Unknown Source)
	at org.jetbrains.kotlin.container.CacheKt.getConstructorInfo(Cache.kt:81)
	at org.jetbrains.kotlin.container.CacheKt.traverseClass(Cache.kt:62)
	at org.jetbrains.kotlin.container.CacheKt.access$traverseClass(Cache.kt:1)
	at org.jetbrains.kotlin.container.ClassTraversalCache.getClassInfo(Cache.kt:32)
	at org.jetbrains.kotlin.container.CacheKt.getInfo(Cache.kt:41)
	at org.jetbrains.kotlin.container.SingletonTypeComponentDescriptor.getDependencies(Singletons.kt:141)
	at org.jetbrains.kotlin.container.ComponentStorage.collectAdhocComponents(Storage.kt:179)
	at org.jetbrains.kotlin.container.ComponentStorage.collectAdhocComponents(Storage.kt:195)
	at org.jetbrains.kotlin.container.ComponentStorage.collectAdhocComponents(Storage.kt:195)
	at org.jetbrains.kotlin.container.ComponentStorage.collectAdhocComponents(Storage.kt:195)
	at org.jetbrains.kotlin.container.ComponentStorage.collectAdhocComponents(Storage.kt:195)
	at org.jetbrains.kotlin.container.ComponentStorage.inspectDependenciesAndRegisterAdhoc(Storage.kt:169)
	at org.jetbrains.kotlin.container.ComponentStorage.composeDescriptors(Storage.kt:148)
	at org.jetbrains.kotlin.container.ComponentStorage.compose(Storage.kt:140)
	at org.jetbrains.kotlin.container.StorageComponentContainer.compose(Container.kt:60)
	at org.jetbrains.kotlin.container.DslKt.composeContainer(Dsl.kt:24)
	at org.jetbrains.kotlin.resolve.PlatformConfiguratorBaseKt.createContainer(PlatformConfiguratorBase.kt:169)
	at org.jetbrains.kotlin.frontend.java.di.InjectionKt.createContainerForLazyResolveWithJava(injection.kt:79)
	at org.jetbrains.kotlin.frontend.java.di.InjectionKt.createContainerForLazyResolveWithJava$default(injection.kt:58)
	at org.jetbrains.kotlin.cli.jvm.compiler.TopDownAnalyzerFacadeForJVM.createContainer(TopDownAnalyzerFacadeForJVM.kt:183)
	at org.jetbrains.kotlin.cli.jvm.compiler.TopDownAnalyzerFacadeForJVM.createContainer$default(TopDownAnalyzerFacadeForJVM.kt:126)
	at org.jetbrains.kotlin.cli.jvm.compiler.TopDownAnalyzerFacadeForJVM.analyzeFilesWithJavaIntegration(TopDownAnalyzerFacadeForJVM.kt:90)
	at org.jetbrains.kotlin.cli.jvm.compiler.TopDownAnalyzerFacadeForJVM.analyzeFilesWithJavaIntegration$default(TopDownAnalyzerFacadeForJVM.kt:75)
	at org.jetbrains.kotlin.cli.jvm.compiler.KotlinToJVMBytecodeCompiler.analyze$lambda$12(KotlinToJVMBytecodeCompiler.kt:373)
	at org.jetbrains.kotlin.cli.common.messages.AnalyzerWithCompilerReport.analyzeAndReport(AnalyzerWithCompilerReport.kt:112)
	at org.jetbrains.kotlin.cli.jvm.compiler.KotlinToJVMBytecodeCompiler.analyze(KotlinToJVMBytecodeCompiler.kt:364)
	at org.jetbrains.kotlin.cli.jvm.compiler.KotlinToJVMBytecodeCompiler.runFrontendAndGenerateIrUsingClassicFrontend(KotlinToJVMBytecodeCompiler.kt:195)
	at org.jetbrains.kotlin.cli.jvm.compiler.KotlinToJVMBytecodeCompiler.compileModules$cli(KotlinToJVMBytecodeCompiler.kt:106)
	at org.jetbrains.kotlin.cli.jvm.K2JVMCompiler.doExecute(K2JVMCompiler.kt:170)
	at org.jetbrains.kotlin.cli.jvm.K2JVMCompiler.doExecute(K2JVMCompiler.kt:43)
	at org.jetbrains.kotlin.cli.common.CLICompiler.execImpl(CLICompiler.kt:103)
	at org.jetbrains.kotlin.cli.common.CLICompiler.execImpl(CLICompiler.kt:49)
	at org.jetbrains.kotlin.cli.common.CLITool.exec(CLITool.kt:101)
	at org.jetbrains.kotlin.incremental.IncrementalJvmCompilerRunner.runCompiler(IncrementalJvmCompilerRunner.kt:464)
	at org.jetbrains.kotlin.incremental.IncrementalJvmCompilerRunner.runCompiler(IncrementalJvmCompilerRunner.kt:73)
	at org.jetbrains.kotlin.incremental.IncrementalCompilerRunner.doCompile(IncrementalCompilerRunner.kt:506)
	at org.jetbrains.kotlin.incremental.IncrementalCompilerRunner.compileImpl(IncrementalCompilerRunner.kt:423)
	at org.jetbrains.kotlin.incremental.IncrementalCompilerRunner.tryCompileIncrementally$lambda$9$compile(IncrementalCompilerRunner.kt:249)
	at org.jetbrains.kotlin.incremental.IncrementalCompilerRunner.tryCompileIncrementally(IncrementalCompilerRunner.kt:267)
	at org.jetbrains.kotlin.incremental.IncrementalCompilerRunner.compile(IncrementalCompilerRunner.kt:120)
	at org.jetbrains.kotlin.daemon.CompileServiceImplBase.execIncrementalCompiler(CompileServiceImpl.kt:675)
	at org.jetbrains.kotlin.daemon.CompileServiceImplBase.access$execIncrementalCompiler(CompileServiceImpl.kt:92)
	at org.jetbrains.kotlin.daemon.CompileServiceImpl.compile(CompileServiceImpl.kt:1660)
	at java.base/jdk.internal.reflect.DirectMethodHandleAccessor.invoke(Unknown Source)
	at java.base/java.lang.reflect.Method.invoke(Unknown Source)
	at java.rmi/sun.rmi.server.UnicastServerRef.dispatch(Unknown Source)
	at java.rmi/sun.rmi.transport.Transport$1.run(Unknown Source)
	at java.rmi/sun.rmi.transport.Transport$1.run(Unknown Source)
	at java.base/java.security.AccessController.doPrivileged(Unknown Source)
	at java.rmi/sun.rmi.transport.Transport.serviceCall(Unknown Source)
	at java.rmi/sun.rmi.transport.tcp.TCPTransport.handleMessages(Unknown Source)
	at java.rmi/sun.rmi.transport.tcp.TCPTransport$ConnectionHandler.run0(Unknown Source)
	at java.rmi/sun.rmi.transport.tcp.TCPTransport$ConnectionHandler.lambda$run$0(Unknown Source)
	at java.base/java.security.AccessController.doPrivileged(Unknown Source)
	at java.rmi/sun.rmi.transport.tcp.TCPTransport$ConnectionHandler.run(Unknown Source)
	at java.base/java.util.concurrent.ThreadPoolExecutor.runWorker(Unknown Source)
	at java.base/java.util.concurrent.ThreadPoolExecutor$Worker.run(Unknown Source)
	at java.base/java.lang.Thread.run(Unknown Source)
Caused by: java.lang.ClassNotFoundException: org.jetbrains.kotlin.types.error.LazyWrappedTypeComputationException
	at java.base/jdk.internal.loader.BuiltinClassLoader.loadClass(Unknown Source)
	at java.base/jdk.internal.loader.ClassLoaders$AppClassLoader.loadClass(Unknown Source)
	at java.base/java.lang.ClassLoader.loadClass(Unknown Source)
	... 70 more


